./test.sh -c 14,15 "0D D0 00 01 10 03 70 10"
./test.sh -c 14,15 "0D D0 00 02 10 03 70 10"
./test.sh -c 24,25 "02 90 1F 90 6F 8D 0F 03 70 0F FE 01 0D D0 FD FC 03 03 70 03"
./test.sh -c 35,64,65 "0D 90 00 00 00 00 10 09 00 05 03 70 0D 90 80 00 00 00 10 09 00 06 03 70 01"
./test.sh -c 35,64,65 "0D D0 00 64 10 09 00 05 03 70 0D D0 00 09 10 09 00 06 03 70 01"
./test.sh -c 34,35 "0D D0 FF FE 10 09 00 04 0C 03 70 01"
./test.sh -c 75,144,145 "0E A4 FF FE FF FE 02 09 00 05 03 70 0E 54 03 06 0B 09 00 06 03 70 01"
./test.sh -c 74,75 "0E D4 00 01 04 0D 09 00 04 0C 03 70 01"
./test.sh "01 FF FF FF FF $inf_loop" "$inf_loop"
./test.sh "$inf_loop" "01 FF FF FF FF $inf_loop"
./test.sh "01 FF FF FF FF 01 FF FF FF FF $inf_loop"           "01 FF FF FF FE $inf_loop"              "09 00 03 01 FF FF FF FD $inf_loop"             "04 54 02 02 02 01 FF FF FF FC $inf_loop"
./test.sh -c 3016,3017,3022,3023 "02 90 00 00 00 01 02 01 00 00 00 00 01 FF FF FF FB 01 A6 4D 66 4F 04 54 02 02 02 06 64 02 00 80 00 00 03 09 FF E4 02 90 00 00 00 01 02 04 54 02 02 02 06 64 02 00 08 00 00 03 09 00 03 09 00 03 09 FF ED 09 00 03 09 00 03 03 70 01 00 00 00 03 70 01" "02 D0 00 64 10 01 00 00 00 00 09 FF FB"
./test.sh -c 3018,3019,3024 "02 90 00 00 00 01 02 01 FF FF FF FF 0E 54 0F 0F 10 0E 54 0F 0F 10 04 54 03 02 03 06 64 03 00 00 00 08 10 09 FF E4 02 90 00 00 00 0D 03 04 54 03 02 03 06 64 03 00 00 00 40 04 09 FF F3 03 70 01 00 00 03 70 01" "01 FF FF FF FE 01 FF FF FF FE 0E 54 0F 0F 10 0E 64 0F 00 64 10 09 FF F0"
./test.sh -c 16844,16845,16850 "02 90 00 00 00 01 02 02 90 00 00 00 33 03 01 FF FF FF FF 0E 54 01 01 10 0E 54 01 01 10 0E 54 01 01 10 04 54 03 02 03 06 64 03 00 00 00 80 10 09 FF DF 02 90 00 00 00 10 03 04 54 03 02 03 06 64 03 00 00 00 40 10 09 FF F3 03 70 01 00 00 03 70 01 00 00 03 70 01" "01 FF FF FF FE 01 FF FF FF FE 0E 54 0F 0F 10 0E 64 0F 00 64 10 09 FF F0"
./test.sh "00 00 02 D0 00 40 10 01 FF FF FF FF 09 FF FB" "00 00 00 02 D0 00 40 10 01 FF FF FF FE 09 FF FB" "00 00 00 00 02 D0 00 40 10 01 FF FF FF FD 09 FF FB" "00 00 00 00 00 02 D0 00 40 10 01 FF FF FF FC 09 FF FB"
./test.sh -c 6,7 "10 AA 00 00 00 00 03 70 01"
./test.sh -c 6,7 "10 E8 00 00 03 70 01"
./test.sh -c 809,810,815 "02 D0 00 09 08 0C 00 04 01 03 70 08 FF FF"
./test.sh -c 815,816,820 "02 90 0C 70 0C 0C 08 0C 00 0D 06 54 06 05 04 03 70 08 00 0A 04 54 01 01 0C 03"
./test.sh -c 25902 champions/helltrain.cor champions/fluttershy.cor
./test.sh -c 25902 champions/fluttershy.cor champions/toto.cor champions/leapfrog.cor
./test.sh -c 10000 champions/le_pet_de_nonne.cor champions/Car.cor champions/helltrain.cor

Failed in compare with Brazhnik:
./test.sh "01 FF FF FF FF $inf_loop" "$inf_loop"
./test.sh "$inf_loop" "01 FF FF FF FF $inf_loop"
./test.sh "01 FF FF FF FF 01 FF FF FF FF $inf_loop"           "01 FF FF FF FE $inf_loop"              "09 00 03 01 FF FF FF FD $inf_loop"             "04 54 02 02 02 01 FF FF FF FC $inf_loop"
./test.sh -c 3016,3017,3022,3023 "02 90 00 00 00 01 02 01 00 00 00 00 01 FF FF FF FB 01 A6 4D 66 4F 04 54 02 02 02 06 64 02 00 80 00 00 03 09 FF E4 02 90 00 00 00 01 02 04 54 02 02 02 06 64 02 00 08 00 00 03 09 00 03 09 00 03 09 FF ED 09 00 03 09 00 03 03 70 01 00 00 00 03 70 01" "02 D0 00 64 10 01 00 00 00 00 09 FF FB"
./test.sh "00 00 02 D0 00 40 10 01 FF FF FF FF 09 FF FB" "00 00 00 02 D0 00 40 10 01 FF FF FF FE 09 FF FB" "00 00 00 00 02 D0 00 40 10 01 FF FF FF FD 09 FF FB" "00 00 00 00 00 02 D0 00 40 10 01 FF FF FF FC 09 FF FB"
./test.sh -c 6,7 "10 AA 00 00 00 00 03 70 01"
./test.sh -c 6,7 "10 E8 00 00 03 70 01"
./test.sh -c 809,810,815 "02 D0 00 09 08 0C 00 04 01 03 70 08 FF FF"
./test.sh -c 815,816,820 "02 90 0C 70 0C 0C 08 0C 00 0D 06 54 06 05 04 03 70 08 00 0A 04 54 01 01 0C 03"
./test.sh -c 25902 champions/helltrain.cor champions/fluttershy.cor
./test.sh -c 25902 champions/fluttershy.cor champions/toto.cor champions/leapfrog.cor
./test.sh -c 10000 champions/le_pet_de_nonne.cor champions/Car.cor champions/helltrain.cor

Failed new iteration with Brazhnik:
./test.sh -c 3016,3017,3022,3023 "02 90 00 00 00 01 02 01 00 00 00 00 01 FF FF FF FB 01 A6 4D 66 4F 04 54 02 02 02 06 64 02 00 80 00 00 03 09 FF E4 02 90 00 00 00 01 02 04 54 02 02 02 06 64 02 00 08 00 00 03 09 00 03 09 00 03 09 FF ED 09 00 03 09 00 03 03 70 01 00 00 00 03 70 01" "02 D0 00 64 10 01 00 00 00 00 09 FF FB"
./test.sh -c 1521,1522,1541 "02 90 00 00 00 31 02 04 54 03 02 03 06 64 03 00 00 08 00 04 09 FF F3 03 70 02 00 00 10 40 02 10 40 02 01 FF FF FF FF 03 70 01" "02 D0 00 64 10 01 00 00 00 00 09 FF FB"
./test.sh "00 00 02 D0 00 40 10 01 FF FF FF FF 09 FF FB" "00 00 00 02 D0 00 40 10 01 FF FF FF FE 09 FF FB" "00 00 00 00 02 D0 00 40 10 01 FF FF FF FD 09 FF FB" "00 00 00 00 00 02 D0 00 40 10 01 FF FF FF FC 09 FF FB"
./test.sh -c 809,810,815 "02 D0 00 09 08 0C 00 04 01 03 70 08 FF FF"
./test.sh -c 815,816,820 "02 90 0C 70 0C 0C 08 0C 00 0D 06 54 06 05 04 03 70 08 00 0A 04 54 01 01 0C 03"
./test.sh -c 25902 champions/helltrain.cor champions/fluttershy.cor
./test.sh -c 25902 champions/fluttershy.cor champions/toto.cor champions/leapfrog.cor
./test.sh -c 10000 champions/le_pet_de_nonne.cor champions/Car.cor champions/helltrain.cor

Failed iteration after live fix with Brazhnik:
./test.sh -c 1521,1522,1541 "02 90 00 00 00 31 02 04 54 03 02 03 06 64 03 00 00 08 00 04 09 FF F3 03 70 02 00 00 10 40 02 10 40 02 01 FF FF FF FF 03 70 01" "02 D0 00 64 10 01 00 00 00 00 09 FF FB"
./test.sh -c 809,810,815 "02 D0 00 09 08 0C 00 04 01 03 70 08 FF FF"
./test.sh -c 815,816,820 "02 90 0C 70 0C 0C 08 0C 00 0D 06 54 06 05 04 03 70 08 00 0A 04 54 01 01 0C 03"
./test.sh -c 25902 champions/helltrain.cor champions/fluttershy.cor
./test.sh -c 25902 champions/fluttershy.cor champions/toto.cor champions/leapfrog.cor
./test.sh -c 10000 champions/le_pet_de_nonne.cor champions/Car.cor champions/helltrain.cor

Failed iteration after some random fix:
    Тупой бражник не умеет в конкурентное исполнение (выполняет старую, перезаписанную (live) инструкцию вместо новой (st))
./test.sh -c 809,810,815 "02 D0 00 09 08 0C 00 04 01 03 70 08 FF FF"
./test.sh -c 815,816,820 "02 90 0C 70 0C 0C 08 0C 00 0D 06 54 06 05 04 03 70 08 00 0A 04 54 01 01 0C 03"
./test.sh -c 25902 champions/helltrain.cor champions/fluttershy.cor
./test.sh -c 25902 champions/fluttershy.cor champions/toto.cor champions/leapfrog.cor
./test.sh -c 10000 champions/le_pet_de_nonne.cor champions/Car.cor champions/helltrain.cor

Failed iteration with School coreware